2026-06-22 07:35:47 URL:https://smzh.ch/de/smzhub/ [98811/98811] -> "site/smzh.ch/de/smzhub/index.html" [1]
2026-06-22 07:35:47 URL:https://smzh.ch/_next/static/chunks/00s1rjx-dlx6-.css [98971/98971] -> "site/smzh.ch/_next/static/chunks/00s1rjx-dlx6-.css" [1]
2026-06-22 07:35:47 URL:https://smzh.ch/_next/static/chunks/0r1.eycu~k8_w.css [15803/15803] -> "site/smzh.ch/_next/static/chunks/0r1.eycu~k8_w.css" [1]
2026-06-22 07:35:48 URL:https://smzh.ch/_next/static/chunks/0sjzpv7v_b6n9.css [990/990] -> "site/smzh.ch/_next/static/chunks/0sjzpv7v_b6n9.css" [1]
2026-06-22 07:35:48 URL:https://smzh.ch/_next/static/chunks/15a59r460c.7s.css [3740/3740] -> "site/smzh.ch/_next/static/chunks/15a59r460c.7s.css" [1]
2026-06-22 07:35:48 URL:https://smzh.ch/_next/static/chunks/0yhow1xxi8bbb.css [786/786] -> "site/smzh.ch/_next/static/chunks/0yhow1xxi8bbb.css" [1]
2026-06-22 07:35:48 URL:https://smzh.ch/_next/static/chunks/0t6c5xwp0_7hg.css [274/274] -> "site/smzh.ch/_next/static/chunks/0t6c5xwp0_7hg.css" [1]
2026-06-22 07:35:48 URL:https://smzh.ch/_next/static/chunks/0d57gku01_z1u.css [7879/7879] -> "site/smzh.ch/_next/static/chunks/0d57gku01_z1u.css" [1]
2026-06-22 07:35:48 URL:https://smzh.ch/_next/static/chunks/0g6h6yvof17_7.js [44065/44065] -> "site/smzh.ch/_next/static/chunks/0g6h6yvof17_7.js" [1]
2026-06-22 07:35:48 URL:https://smzh.ch/_next/static/chunks/0s97lo3vro-yv.js [231905/231905] -> "site/smzh.ch/_next/static/chunks/0s97lo3vro-yv.js" [1]
2026-06-22 07:35:49 URL:https://smzh.ch/_next/static/chunks/0cozadq~aqkyu.js [137023/137023] -> "site/smzh.ch/_next/static/chunks/0cozadq~aqkyu.js" [1]
2026-06-22 07:35:49 URL:https://smzh.ch/_next/static/chunks/turbopack-0ob6rf7~brtz6.js [10624/10624] -> "site/smzh.ch/_next/static/chunks/turbopack-0ob6rf7~brtz6.js" [1]
2026-06-22 07:35:49 URL:https://smzh.ch/_next/static/chunks/0l~-7_n4sb45c.js [3423/3423] -> "site/smzh.ch/_next/static/chunks/0l~-7_n4sb45c.js" [1]
2026-06-22 07:35:49 URL:https://smzh.ch/_next/static/chunks/0u0bhwfoixmhx.js [54806/54806] -> "site/smzh.ch/_next/static/chunks/0u0bhwfoixmhx.js" [1]
2026-06-22 07:35:49 URL:https://smzh.ch/_next/static/chunks/0_w.baeurlpez.js [9891/9891] -> "site/smzh.ch/_next/static/chunks/0_w.baeurlpez.js" [1]
2026-06-22 07:35:49 URL:https://smzh.ch/_next/static/chunks/16k7jnda5g7zw.js [25421/25421] -> "site/smzh.ch/_next/static/chunks/16k7jnda5g7zw.js" [1]
2026-06-22 07:35:49 URL:https://smzh.ch/_next/static/chunks/0_f_non~rz0ap.js [32509/32509] -> "site/smzh.ch/_next/static/chunks/0_f_non~rz0ap.js" [1]
2026-06-22 07:35:49 URL:https://smzh.ch/_next/static/chunks/0wad_jpqvm~c6.js [10532/10532] -> "site/smzh.ch/_next/static/chunks/0wad_jpqvm~c6.js" [1]
2026-06-22 07:35:50 URL:https://smzh.ch/_next/static/chunks/0t-_3f7f5ya.p.js [103768/103768] -> "site/smzh.ch/_next/static/chunks/0t-_3f7f5ya.p.js" [1]
2026-06-22 07:35:50 URL:https://smzh.ch/_next/static/chunks/0nn0n0viwp4tu.js [120636/120636] -> "site/smzh.ch/_next/static/chunks/0nn0n0viwp4tu.js" [1]
2026-06-22 07:35:50 URL:https://smzh.ch/_next/static/chunks/06ll~t4~lx1n1.js [53944/53944] -> "site/smzh.ch/_next/static/chunks/06ll~t4~lx1n1.js" [1]
2026-06-22 07:35:50 URL:https://smzh.ch/_next/static/chunks/16yd7725hnmxg.js [134119/134119] -> "site/smzh.ch/_next/static/chunks/16yd7725hnmxg.js" [1]
2026-06-22 07:35:50 URL:https://smzh.ch/_next/static/chunks/0pdciwlsf_4k4.js [594/594] -> "site/smzh.ch/_next/static/chunks/0pdciwlsf_4k4.js" [1]
2026-06-22 07:35:50 URL:https://smzh.ch/_next/static/chunks/0kt.gsc-9mtef.js [5697/5697] -> "site/smzh.ch/_next/static/chunks/0kt.gsc-9mtef.js" [1]
2026-06-22 07:35:50 URL:https://smzh.ch/_next/static/chunks/0z4si.3x3-pgy.js [301114/301114] -> "site/smzh.ch/_next/static/chunks/0z4si.3x3-pgy.js" [1]
2026-06-22 07:35:50 URL:https://smzh.ch/_next/static/chunks/08ceotqnvjbop.js [8207/8207] -> "site/smzh.ch/_next/static/chunks/08ceotqnvjbop.js" [1]
2026-06-22 07:35:51 URL:https://smzh.ch/_next/static/chunks/0f5qxl.l.2~vu.js [48769/48769] -> "site/smzh.ch/_next/static/chunks/0f5qxl.l.2~vu.js" [1]
2026-06-22 07:35:51 URL:https://smzh.ch/_next/static/chunks/10nchz5d8wu.b.js [14676/14676] -> "site/smzh.ch/_next/static/chunks/10nchz5d8wu.b.js" [1]
2026-06-22 07:35:51 URL:https://smzh.ch/favicon/dark/smzh_favicon-16x16.png [302/302] -> "site/smzh.ch/favicon/dark/smzh_favicon-16x16.png" [1]
2026-06-22 07:35:51 URL:https://smzh.ch/favicon/dark/smzh_favicon-24x24.png [332/332] -> "site/smzh.ch/favicon/dark/smzh_favicon-24x24.png" [1]
2026-06-22 07:35:51 URL:https://smzh.ch/favicon/dark/smzh_favicon-32x32.png [436/436] -> "site/smzh.ch/favicon/dark/smzh_favicon-32x32.png" [1]
2026-06-22 07:35:51 URL:https://smzh.ch/_next/static/chunks/03~yq9q893hmn.js [112594/112594] -> "site/smzh.ch/_next/static/chunks/03~yq9q893hmn.js" [1]
2026-06-22 07:35:51 URL:https://smzh.ch/logo/logo-blue.svg [10741/10741] -> "site/smzh.ch/logo/logo-blue.svg" [1]
2026-06-22 07:35:52 URL:https://smzh.ch/logo/logo-white.svg [10714/10714] -> "site/smzh.ch/logo/logo-white.svg" [1]
2026-06-22 07:35:52 URL:https://smzh.ch/_next/image/?url=%2Flogo%2Fsmzh.png&w=128&q=75 [367/367] -> "site/smzh.ch/_next/image/index.html@url=%2Flogo%2Fsmzh.png&w=128&q=75" [1]
2026-06-22 07:35:52 URL:https://smzh.ch/_next/image/?url=%2Flogo%2Fsmzh.png&w=256&q=75 [742/742] -> "site/smzh.ch/_next/image/index.html@url=%2Flogo%2Fsmzh.png&w=256&q=75" [1]
2026-06-22 07:35:52 URL:https://smzh.ch/_next/static/chunks/0nckyn20i4721.js [33161/33161] -> "site/smzh.ch/_next/static/chunks/0nckyn20i4721.js" [1]
2026-06-22 07:35:52 URL:https://smzh.ch/fonts/CircularXXWeb-Thin.woff2 [69733/69733] -> "site/smzh.ch/fonts/CircularXXWeb-Thin.woff2" [1]
2026-06-22 07:35:52 URL:https://smzh.ch/fonts/CircularXXWeb-ThinItalic.woff2 [69818/69818] -> "site/smzh.ch/fonts/CircularXXWeb-ThinItalic.woff2" [1]
2026-06-22 07:35:53 URL:https://smzh.ch/fonts/CircularXXWeb-Light.woff2 [73626/73626] -> "site/smzh.ch/fonts/CircularXXWeb-Light.woff2" [1]
2026-06-22 07:35:53 URL:https://smzh.ch/fonts/CircularXXWeb-LightItalic.woff2 [73333/73333] -> "site/smzh.ch/fonts/CircularXXWeb-LightItalic.woff2" [1]
2026-06-22 07:35:53 URL:https://smzh.ch/fonts/CircularXXWeb-Regular.woff2 [70319/70319] -> "site/smzh.ch/fonts/CircularXXWeb-Regular.woff2" [1]
https://smzh.ch/fonts/CircularXXWeb-RegularItalic.woff2:
2026-06-22 07:35:57 ERROR 500: Internal Server Error.
2026-06-22 07:35:57 URL:https://smzh.ch/fonts/CircularXXWeb-Book.woff2 [68280/68280] -> "site/smzh.ch/fonts/CircularXXWeb-Book.woff2" [1]
2026-06-22 07:35:57 URL:https://smzh.ch/fonts/CircularXXWeb-BookItalic.woff2 [70921/70921] -> "site/smzh.ch/fonts/CircularXXWeb-BookItalic.woff2" [1]
2026-06-22 07:35:57 URL:https://smzh.ch/fonts/CircularXXWeb-Medium.woff2 [71255/71255] -> "site/smzh.ch/fonts/CircularXXWeb-Medium.woff2" [1]
2026-06-22 07:35:57 URL:https://smzh.ch/fonts/CircularXXWeb-MediumItalic.woff2 [72144/72144] -> "site/smzh.ch/fonts/CircularXXWeb-MediumItalic.woff2" [1]
2026-06-22 07:35:58 URL:https://smzh.ch/fonts/CircularXXWeb-Bold.woff2 [74175/74175] -> "site/smzh.ch/fonts/CircularXXWeb-Bold.woff2" [1]
2026-06-22 07:35:58 URL:https://smzh.ch/fonts/CircularXXWeb-BoldItalic.woff2 [73756/73756] -> "site/smzh.ch/fonts/CircularXXWeb-BoldItalic.woff2" [1]
2026-06-22 07:35:58 URL:https://smzh.ch/fonts/CircularXXWeb-Black.woff2 [73633/73633] -> "site/smzh.ch/fonts/CircularXXWeb-Black.woff2" [1]
2026-06-22 07:35:58 URL:https://smzh.ch/fonts/CircularXXWeb-BlackItalic.woff2 [72985/72985] -> "site/smzh.ch/fonts/CircularXXWeb-BlackItalic.woff2" [1]
2026-06-22 07:35:58 URL:https://smzh.ch/fonts/CircularXXWeb-ExtraBlack.woff2 [76167/76167] -> "site/smzh.ch/fonts/CircularXXWeb-ExtraBlack.woff2" [1]
2026-06-22 07:35:58 URL:https://smzh.ch/de/ [337885/337885] -> "site/smzh.ch/de/index.html" [1]
2026-06-22 07:35:59 URL:https://smzh.ch/_next/static/chunks/097ibshuq-_93.css [2178/2178] -> "site/smzh.ch/_next/static/chunks/097ibshuq-_93.css" [1]
2026-06-22 07:35:59 URL:https://smzh.ch/_next/static/chunks/0s_errg.e7354.css [531/531] -> "site/smzh.ch/_next/static/chunks/0s_errg.e7354.css" [1]
2026-06-22 07:35:59 URL:https://smzh.ch/_next/static/chunks/0-0jzv8o63jiy.css [163/163] -> "site/smzh.ch/_next/static/chunks/0-0jzv8o63jiy.css" [1]
2026-06-22 07:35:59 URL:https://smzh.ch/_next/static/chunks/0y7ihflrbm1m_.css [4227/4227] -> "site/smzh.ch/_next/static/chunks/0y7ihflrbm1m_.css" [1]
2026-06-22 07:35:59 URL:https://smzh.ch/_next/static/chunks/14azob9w.1z0c.js [59156/59156] -> "site/smzh.ch/_next/static/chunks/14azob9w.1z0c.js" [1]
2026-06-22 07:35:59 URL:https://smzh.ch/_next/static/chunks/115to2iq~8kyw.js [186148/186148] -> "site/smzh.ch/_next/static/chunks/115to2iq~8kyw.js" [1]
2026-06-22 07:35:59 URL:https://smzh.ch/_next/static/chunks/0324vuq3uxe9m.js [80814/80814] -> "site/smzh.ch/_next/static/chunks/0324vuq3uxe9m.js" [1]
2026-06-22 07:35:59 URL:https://smzh.ch/_next/static/chunks/0-az2s~g8lhpc.js [240855/240855] -> "site/smzh.ch/_next/static/chunks/0-az2s~g8lhpc.js" [1]
2026-06-22 07:36:00 URL:https://smzh.ch/_next/image/?url=https%3A%2F%2Fcms.smzh.ch%2Fuploads%2Ffinanzfriitigcover_57c1044dba.jpg&w=828&q=75 [11417/11417] -> "site/smzh.ch/_next/image/index.html@url=https%3A%2F%2Fcms.smzh.ch%2Fuploads%2Ffinanzfriitigcover_57c1044dba.jpg&w=828&q=75" [1]
2026-06-22 07:36:00 URL:https://smzh.ch/_next/image/?url=https%3A%2F%2Fcms.smzh.ch%2Fuploads%2Ffinanzfriitigcover_57c1044dba.jpg&w=1920&q=75 [11417/11417] -> "site/smzh.ch/_next/image/index.html@url=https%3A%2F%2Fcms.smzh.ch%2Fuploads%2Ffinanzfriitigcover_57c1044dba.jpg&w=1920&q=75" [1]
2026-06-22 07:36:00 URL:https://smzh.ch/_next/image/?url=https%3A%2F%2Fcms.smzh.ch%2Fuploads%2FCIO_June_2026_DE_1_1_94bd92bc71.jpg&w=3840&q=75 [158942/158942] -> "site/smzh.ch/_next/image/index.html@url=https%3A%2F%2Fcms.smzh.ch%2Fuploads%2FCIO_June_2026_DE_1_1_94bd92bc71.jpg&w=3840&q=75" [1]
2026-06-22 07:36:00 URL:https://smzh.ch/_next/image/?url=https%3A%2F%2Fcms.smzh.ch%2Fuploads%2FBlog_Hypotheken_Radar_06_DE_1_1_c7a141884f.jpg&w=640&q=75 [25746/25746] -> "site/smzh.ch/_next/image/index.html@url=https%3A%2F%2Fcms.smzh.ch%2Fuploads%2FBlog_Hypotheken_Radar_06_DE_1_1_c7a141884f.jpg&w=640&q=75" [1]
2026-06-22 07:36:00 URL:https://smzh.ch/_next/image/?url=https%3A%2F%2Fcms.smzh.ch%2Fuploads%2FBlog_Hypotheken_Radar_06_DE_1_1_c7a141884f.jpg&w=1920&q=75 [25746/25746] -> "site/smzh.ch/_next/image/index.html@url=https%3A%2F%2Fcms.smzh.ch%2Fuploads%2FBlog_Hypotheken_Radar_06_DE_1_1_c7a141884f.jpg&w=1920&q=75" [1]
2026-06-22 07:36:00 URL:https://smzh.ch/_next/image/?url=https%3A%2F%2Fcms.smzh.ch%2Fuploads%2FArchitektur_des_vermonges_de_1_1_cb72117f3a.jpg&w=1920&q=75 [69933/69933] -> "site/smzh.ch/_next/image/index.html@url=https%3A%2F%2Fcms.smzh.ch%2Fuploads%2FArchitektur_des_vermonges_de_1_1_cb72117f3a.jpg&w=1920&q=75" [1]
2026-06-22 07:36:00 URL:https://smzh.ch/_next/image/?url=https%3A%2F%2Fcms.smzh.ch%2Fuploads%2FArchitektur_des_vermonges_de_1_1_cb72117f3a.jpg&w=3840&q=75 [69933/69933] -> "site/smzh.ch/_next/image/index.html@url=https%3A%2F%2Fcms.smzh.ch%2Fuploads%2FArchitektur_des_vermonges_de_1_1_cb72117f3a.jpg&w=3840&q=75" [1]
2026-06-22 07:36:01 URL:https://smzh.ch/_next/image/?url=https%3A%2F%2Fcms.smzh.ch%2Fuploads%2FCover_image_21c708c0d2_9356066ddc.png&w=1080&q=75 [86880/86880] -> "site/smzh.ch/_next/image/index.html@url=https%3A%2F%2Fcms.smzh.ch%2Fuploads%2FCover_image_21c708c0d2_9356066ddc.png&w=1080&q=75" [1]
2026-06-22 07:36:01 URL:https://smzh.ch/_next/image/?url=https%3A%2F%2Fcms.smzh.ch%2Fuploads%2FCover_image_21c708c0d2_9356066ddc.png&w=3840&q=75 [86880/86880] -> "site/smzh.ch/_next/image/index.html@url=https%3A%2F%2Fcms.smzh.ch%2Fuploads%2FCover_image_21c708c0d2_9356066ddc.png&w=3840&q=75" [1]
2026-06-22 07:36:01 URL:https://smzh.ch/_next/image/?url=https%3A%2F%2Fcms.smzh.ch%2Fuploads%2FAusblick_Immobilienmarkt_Q2_2026_Blog_DE_16a636185d.jpg&w=1920&q=75 [39363/39363] -> "site/smzh.ch/_next/image/index.html@url=https%3A%2F%2Fcms.smzh.ch%2Fuploads%2FAusblick_Immobilienmarkt_Q2_2026_Blog_DE_16a636185d.jpg&w=1920&q=75" [1]
2026-06-22 07:36:01 URL:https://smzh.ch/_next/image/?url=https%3A%2F%2Fcms.smzh.ch%2Fuploads%2FAusblick_Immobilienmarkt_Q2_2026_Blog_DE_16a636185d.jpg&w=3840&q=75 [39363/39363] -> "site/smzh.ch/_next/image/index.html@url=https%3A%2F%2Fcms.smzh.ch%2Fuploads%2FAusblick_Immobilienmarkt_Q2_2026_Blog_DE_16a636185d.jpg&w=3840&q=75" [1]
2026-06-22 07:36:01 URL:https://smzh.ch/_next/image/?url=https%3A%2F%2Fcms.smzh.ch%2Fuploads%2FSteuererklaerung_hp_cover_4261839815.png&w=828&q=75 [268084/268084] -> "site/smzh.ch/_next/image/index.html@url=https%3A%2F%2Fcms.smzh.ch%2Fuploads%2FSteuererklaerung_hp_cover_4261839815.png&w=828&q=75" [1]
2026-06-22 07:36:01 URL:https://smzh.ch/_next/image/?url=https%3A%2F%2Fcms.smzh.ch%2Fuploads%2FSteuererklaerung_hp_cover_4261839815.png&w=1920&q=75 [268084/268084] -> "site/smzh.ch/_next/image/index.html@url=https%3A%2F%2Fcms.smzh.ch%2Fuploads%2FSteuererklaerung_hp_cover_4261839815.png&w=1920&q=75" [1]
2026-06-22 07:36:01 URL:https://smzh.ch/_next/image/?url=https%3A%2F%2Fcms.smzh.ch%2Fuploads%2Fgesamtvermoegensanalyse_1_1_DE_00bc8ea633.jpg&w=3840&q=75 [170680/170680] -> "site/smzh.ch/_next/image/index.html@url=https%3A%2F%2Fcms.smzh.ch%2Fuploads%2Fgesamtvermoegensanalyse_1_1_DE_00bc8ea633.jpg&w=3840&q=75" [1]
2026-06-22 07:36:02 URL:https://smzh.ch/_next/image/?url=https%3A%2F%2Fcms.smzh.ch%2Fuploads%2Fsmzh_finanzdienstleister_schweiz_1_1de3fbaf38.webp&w=1920&q=75 [113376/113376] -> "site/smzh.ch/_next/image/index.html@url=https%3A%2F%2Fcms.smzh.ch%2Fuploads%2Fsmzh_finanzdienstleister_schweiz_1_1de3fbaf38.webp&w=1920&q=75" [1]
2026-06-22 07:36:02 URL:https://smzh.ch/_next/image/?url=https%3A%2F%2Fcms.smzh.ch%2Fuploads%2Fsmzh_finanzdienstleister_schweiz_1_1de3fbaf38.webp&w=3840&q=75 [113376/113376] -> "site/smzh.ch/_next/image/index.html@url=https%3A%2F%2Fcms.smzh.ch%2Fuploads%2Fsmzh_finanzdienstleister_schweiz_1_1de3fbaf38.webp&w=3840&q=75" [1]
2026-06-22 07:36:02 URL:https://smzh.ch/_next/image/?url=https%3A%2F%2Fcms.smzh.ch%2Fuploads%2Fanlagen_smzh_privatkunden_thumbnail_73ca0fbcb6.webp&w=1080&q=75 [38542/38542] -> "site/smzh.ch/_next/image/index.html@url=https%3A%2F%2Fcms.smzh.ch%2Fuploads%2Fanlagen_smzh_privatkunden_thumbnail_73ca0fbcb6.webp&w=1080&q=75" [1]
2026-06-22 07:36:02 URL:https://smzh.ch/_next/image/?url=https%3A%2F%2Fcms.smzh.ch%2Fuploads%2Fanlagen_smzh_privatkunden_thumbnail_73ca0fbcb6.webp&w=2048&q=75 [38542/38542] -> "site/smzh.ch/_next/image/index.html@url=https%3A%2F%2Fcms.smzh.ch%2Fuploads%2Fanlagen_smzh_privatkunden_thumbnail_73ca0fbcb6.webp&w=2048&q=75" [1]
2026-06-22 07:36:02 URL:https://smzh.ch/_next/image/?url=https%3A%2F%2Fcms.smzh.ch%2Fuploads%2FThe_Productivity_Code_341c8b0c42.jpg&w=1920&q=75 [32333/32333] -> "site/smzh.ch/_next/image/index.html@url=https%3A%2F%2Fcms.smzh.ch%2Fuploads%2FThe_Productivity_Code_341c8b0c42.jpg&w=1920&q=75" [1]
2026-06-22 07:36:02 URL:https://smzh.ch/_next/image/?url=https%3A%2F%2Fcms.smzh.ch%2Fuploads%2FThe_Productivity_Code_341c8b0c42.jpg&w=3840&q=75 [32333/32333] -> "site/smzh.ch/_next/image/index.html@url=https%3A%2F%2Fcms.smzh.ch%2Fuploads%2FThe_Productivity_Code_341c8b0c42.jpg&w=3840&q=75" [1]
2026-06-22 07:36:02 URL:https://smzh.ch/_next/image/?url=https%3A%2F%2Fcms.smzh.ch%2Fuploads%2FFINANZFRIITIG_82f5dffff3.png&w=1920&q=75 [11424/11424] -> "site/smzh.ch/_next/image/index.html@url=https%3A%2F%2Fcms.smzh.ch%2Fuploads%2FFINANZFRIITIG_82f5dffff3.png&w=1920&q=75" [1]
2026-06-22 07:36:02 URL:https://smzh.ch/_next/image/?url=https%3A%2F%2Fcms.smzh.ch%2Fuploads%2FFINANZFRIITIG_82f5dffff3.png&w=3840&q=75 [11424/11424] -> "site/smzh.ch/_next/image/index.html@url=https%3A%2F%2Fcms.smzh.ch%2Fuploads%2FFINANZFRIITIG_82f5dffff3.png&w=3840&q=75" [1]
2026-06-22 07:36:03 URL:https://smzh.ch/_next/image/?url=https%3A%2F%2Fcms.smzh.ch%2Fuploads%2FGzim_Hasani_round_2x_0e721e0fe1.png&w=640&q=75 [21380/21380] -> "site/smzh.ch/_next/image/index.html@url=https%3A%2F%2Fcms.smzh.ch%2Fuploads%2FGzim_Hasani_round_2x_0e721e0fe1.png&w=640&q=75" [1]
2026-06-22 07:36:03 URL:https://smzh.ch/_next/image/?url=https%3A%2F%2Fcms.smzh.ch%2Fuploads%2FGzim_Hasani_round_2x_0e721e0fe1.png&w=1200&q=75 [21380/21380] -> "site/smzh.ch/_next/image/index.html@url=https%3A%2F%2Fcms.smzh.ch%2Fuploads%2FGzim_Hasani_round_2x_0e721e0fe1.png&w=1200&q=75" [1]
2026-06-22 07:36:03 URL:https://smzh.ch/_next/image/?url=https%3A%2F%2Fcms.smzh.ch%2Fuploads%2Fthumbnail_Avatars_a5cadc7b0e_a7eab58bd3.png&w=256&q=75 [12980/12980] -> "site/smzh.ch/_next/image/index.html@url=https%3A%2F%2Fcms.smzh.ch%2Fuploads%2Fthumbnail_Avatars_a5cadc7b0e_a7eab58bd3.png&w=256&q=75" [1]
2026-06-22 07:36:03 URL:https://smzh.ch/_next/image/?url=https%3A%2F%2Fcms.smzh.ch%2Fuploads%2Fthumbnail_Avatars_a5cadc7b0e_a7eab58bd3.png&w=640&q=75 [12980/12980] -> "site/smzh.ch/_next/image/index.html@url=https%3A%2F%2Fcms.smzh.ch%2Fuploads%2Fthumbnail_Avatars_a5cadc7b0e_a7eab58bd3.png&w=640&q=75" [1]
https://smzh.ch/fonts/CircularXXWeb-RegularItalic.woff2:
2026-06-22 07:36:09 ERROR 500: Internal Server Error.
2026-06-22 07:36:10 URL:https://smzh.ch/de/rechner/ [167693/167693] -> "site/smzh.ch/de/rechner/index.html" [1]
2026-06-22 07:36:10 URL:https://smzh.ch/_next/image/?url=https%3A%2F%2Fcms.smzh.ch%2Fuploads%2FImmobilienbewertung_42fb89af8a.jpg&w=3840&q=75 [38069/38069] -> "site/smzh.ch/_next/image/index.html@url=https%3A%2F%2Fcms.smzh.ch%2Fuploads%2FImmobilienbewertung_42fb89af8a.jpg&w=3840&q=75" [1]
2026-06-22 07:36:10 URL:https://smzh.ch/_next/image/?url=https%3A%2F%2Fcms.smzh.ch%2Fuploads%2FImmobilienbewertung_1_516f4362a1.jpg&w=3840&q=75 [32134/32134] -> "site/smzh.ch/_next/image/index.html@url=https%3A%2F%2Fcms.smzh.ch%2Fuploads%2FImmobilienbewertung_1_516f4362a1.jpg&w=3840&q=75" [1]
2026-06-22 07:36:10 URL:https://smzh.ch/_next/image/?url=https%3A%2F%2Fcms.smzh.ch%2Fuploads%2FSteuerrechner_a397441d54.jpg&w=3840&q=75 [33544/33544] -> "site/smzh.ch/_next/image/index.html@url=https%3A%2F%2Fcms.smzh.ch%2Fuploads%2FSteuerrechner_a397441d54.jpg&w=3840&q=75" [1]
2026-06-22 07:36:10 URL:https://smzh.ch/_next/image/?url=https%3A%2F%2Fcms.smzh.ch%2Fuploads%2FBudgetrechner_1b4937d7c2.jpg&w=3840&q=75 [33494/33494] -> "site/smzh.ch/_next/image/index.html@url=https%3A%2F%2Fcms.smzh.ch%2Fuploads%2FBudgetrechner_1b4937d7c2.jpg&w=3840&q=75" [1]
2026-06-22 07:36:10 URL:https://smzh.ch/_next/image/?url=https%3A%2F%2Fcms.smzh.ch%2Fuploads%2FWohnen_and_Tragbarkeit_55fe59a58d.jpg&w=3840&q=75 [39858/39858] -> "site/smzh.ch/_next/image/index.html@url=https%3A%2F%2Fcms.smzh.ch%2Fuploads%2FWohnen_and_Tragbarkeit_55fe59a58d.jpg&w=3840&q=75" [1]
2026-06-22 07:36:11 URL:https://smzh.ch/_next/image/?url=https%3A%2F%2Fcms.smzh.ch%2Fuploads%2FSteuern_beim_Kapitalbezug_85901e7751.jpg&w=3840&q=75 [42538/42538] -> "site/smzh.ch/_next/image/index.html@url=https%3A%2F%2Fcms.smzh.ch%2Fuploads%2FSteuern_beim_Kapitalbezug_85901e7751.jpg&w=3840&q=75" [1]
2026-06-22 07:36:11 URL:https://smzh.ch/_next/image/?url=https%3A%2F%2Fcms.smzh.ch%2Fuploads%2FSteuervorteile_mit_3a_Sparen_9bdec79c7b.jpg&w=3840&q=75 [45048/45048] -> "site/smzh.ch/_next/image/index.html@url=https%3A%2F%2Fcms.smzh.ch%2Fuploads%2FSteuervorteile_mit_3a_Sparen_9bdec79c7b.jpg&w=3840&q=75" [1]
https://smzh.ch/fonts/CircularXXWeb-RegularItalic.woff2:
2026-06-22 07:36:13 ERROR 500: Internal Server Error.
2026-06-22 07:36:18 URL:https://smzh.ch/de/markets/ [184167] -> "site/smzh.ch/de/markets/index.html" [1]
2026-06-22 07:36:18 URL:https://smzh.ch/_next/static/chunks/06b241-hs-pj-.js [21955/21955] -> "site/smzh.ch/_next/static/chunks/06b241-hs-pj-.js" [1]
2026-06-22 07:36:18 URL:https://smzh.ch/logo/baha.svg [20199/20199] -> "site/smzh.ch/logo/baha.svg" [1]
https://smzh.ch/fonts/CircularXXWeb-RegularItalic.woff2:
2026-06-22 07:36:21 ERROR 500: Internal Server Error.
2026-06-22 07:36:21 URL:https://smzh.ch/de/karriere/ [140792/140792] -> "site/smzh.ch/de/karriere/index.html" [1]
2026-06-22 07:36:21 URL:https://smzh.ch/_next/image/?url=https%3A%2F%2Fcms.smzh.ch%2Fuploads%2FKernwerte_9a075bd4cc.jpg&w=1920&q=75 [92667/92667] -> "site/smzh.ch/_next/image/index.html@url=https%3A%2F%2Fcms.smzh.ch%2Fuploads%2FKernwerte_9a075bd4cc.jpg&w=1920&q=75" [1]
2026-06-22 07:36:22 URL:https://smzh.ch/_next/image/?url=https%3A%2F%2Fcms.smzh.ch%2Fuploads%2FKernwerte_9a075bd4cc.jpg&w=3840&q=75 [92667/92667] -> "site/smzh.ch/_next/image/index.html@url=https%3A%2F%2Fcms.smzh.ch%2Fuploads%2FKernwerte_9a075bd4cc.jpg&w=3840&q=75" [1]
2026-06-22 07:36:23 URL:https://smzh.ch/_next/image/?url=https%3A%2F%2Fcms.smzh.ch%2Fuploads%2Fwen_wir_suchen_f819b4770b.jpg&w=1920&q=75 [92993/92993] -> "site/smzh.ch/_next/image/index.html@url=https%3A%2F%2Fcms.smzh.ch%2Fuploads%2Fwen_wir_suchen_f819b4770b.jpg&w=1920&q=75" [1]
2026-06-22 07:36:24 URL:https://smzh.ch/_next/image/?url=https%3A%2F%2Fcms.smzh.ch%2Fuploads%2Fwen_wir_suchen_f819b4770b.jpg&w=3840&q=75 [92993/92993] -> "site/smzh.ch/_next/image/index.html@url=https%3A%2F%2Fcms.smzh.ch%2Fuploads%2Fwen_wir_suchen_f819b4770b.jpg&w=3840&q=75" [1]
2026-06-22 07:36:24 URL:https://smzh.ch/_next/image/?url=https%3A%2F%2Fcms.smzh.ch%2Fuploads%2Fperspektiven_neue_mitarbeitende_218733924f.jpg&w=1920&q=75 [84032/84032] -> "site/smzh.ch/_next/image/index.html@url=https%3A%2F%2Fcms.smzh.ch%2Fuploads%2Fperspektiven_neue_mitarbeitende_218733924f.jpg&w=1920&q=75" [1]
2026-06-22 07:36:24 URL:https://smzh.ch/_next/image/?url=https%3A%2F%2Fcms.smzh.ch%2Fuploads%2Fperspektiven_neue_mitarbeitende_218733924f.jpg&w=3840&q=75 [84032/84032] -> "site/smzh.ch/_next/image/index.html@url=https%3A%2F%2Fcms.smzh.ch%2Fuploads%2Fperspektiven_neue_mitarbeitende_218733924f.jpg&w=3840&q=75" [1]
https://smzh.ch/fonts/CircularXXWeb-RegularItalic.woff2:
2026-06-22 07:36:36 ERROR 500: Internal Server Error.
2026-06-22 07:36:37 URL:https://smzh.ch/de/terminvereinbaren/ [115581/115581] -> "site/smzh.ch/de/terminvereinbaren/index.html" [1]
https://smzh.ch/fonts/CircularXXWeb-RegularItalic.woff2:
2026-06-22 07:36:39 ERROR 500: Internal Server Error.
2026-06-22 07:36:40 URL:https://smzh.ch/de/steuererklaerung/ [191651/191651] -> "site/smzh.ch/de/steuererklaerung/index.html" [1]
2026-06-22 07:36:40 URL:https://smzh.ch/_next/image/?url=https%3A%2F%2Fcms.smzh.ch%2Fuploads%2FSteuern_2025_69c8f6a192.jpg&w=1080&q=75 [115889/115889] -> "site/smzh.ch/_next/image/index.html@url=https%3A%2F%2Fcms.smzh.ch%2Fuploads%2FSteuern_2025_69c8f6a192.jpg&w=1080&q=75" [1]
2026-06-22 07:36:40 URL:https://smzh.ch/_next/image/?url=https%3A%2F%2Fcms.smzh.ch%2Fuploads%2FSteuern_2025_69c8f6a192.jpg&w=2048&q=75 [115889/115889] -> "site/smzh.ch/_next/image/index.html@url=https%3A%2F%2Fcms.smzh.ch%2Fuploads%2FSteuern_2025_69c8f6a192.jpg&w=2048&q=75" [1]
2026-06-22 07:36:40 URL:https://smzh.ch/_next/image/?url=https%3A%2F%2Fcms.smzh.ch%2Fuploads%2Fyoung_man_optimized_200_58d245eac5.jpg&w=1080&q=75 [73990/73990] -> "site/smzh.ch/_next/image/index.html@url=https%3A%2F%2Fcms.smzh.ch%2Fuploads%2Fyoung_man_optimized_200_58d245eac5.jpg&w=1080&q=75" [1]
2026-06-22 07:36:40 URL:https://smzh.ch/_next/image/?url=https%3A%2F%2Fcms.smzh.ch%2Fuploads%2Fyoung_man_optimized_200_58d245eac5.jpg&w=2048&q=75 [73990/73990] -> "site/smzh.ch/_next/image/index.html@url=https%3A%2F%2Fcms.smzh.ch%2Fuploads%2Fyoung_man_optimized_200_58d245eac5.jpg&w=2048&q=75" [1]
2026-06-22 07:36:40 URL:https://smzh.ch/_next/image/?url=https%3A%2F%2Fcms.smzh.ch%2Fuploads%2Fd1c79afd_9ae2_4473_b794_db4cc57bc9ae_a1150337db.jpg&w=1920&q=75 [32065/32065] -> "site/smzh.ch/_next/image/index.html@url=https%3A%2F%2Fcms.smzh.ch%2Fuploads%2Fd1c79afd_9ae2_4473_b794_db4cc57bc9ae_a1150337db.jpg&w=1920&q=75" [1]
2026-06-22 07:36:41 URL:https://smzh.ch/_next/image/?url=https%3A%2F%2Fcms.smzh.ch%2Fuploads%2Fd1c79afd_9ae2_4473_b794_db4cc57bc9ae_a1150337db.jpg&w=3840&q=75 [32065/32065] -> "site/smzh.ch/_next/image/index.html@url=https%3A%2F%2Fcms.smzh.ch%2Fuploads%2Fd1c79afd_9ae2_4473_b794_db4cc57bc9ae_a1150337db.jpg&w=3840&q=75" [1]
2026-06-22 07:36:41 URL:https://smzh.ch/_next/image/?url=https%3A%2F%2Fcms.smzh.ch%2Fuploads%2FVisual_Steuern_2024_465906c092.png&w=3840&q=75 [2066743/2066743] -> "site/smzh.ch/_next/image/index.html@url=https%3A%2F%2Fcms.smzh.ch%2Fuploads%2FVisual_Steuern_2024_465906c092.png&w=3840&q=75" [1]
2026-06-22 07:36:41 URL:https://smzh.ch/_next/image/?url=https%3A%2F%2Fcms.smzh.ch%2Fuploads%2FSteueroptimierung_51b01b237c_8ee300e8d4.jpeg&w=828&q=75 [42376/42376] -> "site/smzh.ch/_next/image/index.html@url=https%3A%2F%2Fcms.smzh.ch%2Fuploads%2FSteueroptimierung_51b01b237c_8ee300e8d4.jpeg&w=828&q=75" [1]
2026-06-22 07:36:41 URL:https://smzh.ch/_next/image/?url=https%3A%2F%2Fcms.smzh.ch%2Fuploads%2FSteueroptimierung_51b01b237c_8ee300e8d4.jpeg&w=1920&q=75 [42376/42376] -> "site/smzh.ch/_next/image/index.html@url=https%3A%2F%2Fcms.smzh.ch%2Fuploads%2FSteueroptimierung_51b01b237c_8ee300e8d4.jpeg&w=1920&q=75" [1]
2026-06-22 07:36:41 URL:https://smzh.ch/_next/image/?url=https%3A%2F%2Fcms.smzh.ch%2Fuploads%2Fsteuern_smzh_4896af7203.webp&w=640&q=75 [22247/22247] -> "site/smzh.ch/_next/image/index.html@url=https%3A%2F%2Fcms.smzh.ch%2Fuploads%2Fsteuern_smzh_4896af7203.webp&w=640&q=75" [1]
2026-06-22 07:36:42 URL:https://smzh.ch/_next/image/?url=https%3A%2F%2Fcms.smzh.ch%2Fuploads%2Fsteuern_smzh_4896af7203.webp&w=1200&q=75 [22247/22247] -> "site/smzh.ch/_next/image/index.html@url=https%3A%2F%2Fcms.smzh.ch%2Fuploads%2Fsteuern_smzh_4896af7203.webp&w=1200&q=75" [1]
2026-06-22 07:36:42 URL:https://smzh.ch/_next/image/?url=https%3A%2F%2Fcms.smzh.ch%2Fuploads%2Fvorsorge_2025_thumb_20c79396bd.webp&w=828&q=75 [36543/36543] -> "site/smzh.ch/_next/image/index.html@url=https%3A%2F%2Fcms.smzh.ch%2Fuploads%2Fvorsorge_2025_thumb_20c79396bd.webp&w=828&q=75" [1]
2026-06-22 07:36:42 URL:https://smzh.ch/_next/image/?url=https%3A%2F%2Fcms.smzh.ch%2Fuploads%2Fvorsorge_2025_thumb_20c79396bd.webp&w=1920&q=75 [36543/36543] -> "site/smzh.ch/_next/image/index.html@url=https%3A%2F%2Fcms.smzh.ch%2Fuploads%2Fvorsorge_2025_thumb_20c79396bd.webp&w=1920&q=75" [1]
https://smzh.ch/fonts/CircularXXWeb-RegularItalic.woff2:
2026-06-22 07:36:44 ERROR 500: Internal Server Error.
2026-06-22 07:36:45 URL:https://smzh.ch/de/vorsorgeanalyse/ [143439/143439] -> "site/smzh.ch/de/vorsorgeanalyse/index.html" [1]
2026-06-22 07:36:45 URL:https://smzh.ch/_next/image/?url=https%3A%2F%2Fcms.smzh.ch%2Fuploads%2FPhoto_a765c711df.jpg&w=1920&q=75 [119806/119806] -> "site/smzh.ch/_next/image/index.html@url=https%3A%2F%2Fcms.smzh.ch%2Fuploads%2FPhoto_a765c711df.jpg&w=1920&q=75" [1]
2026-06-22 07:36:45 URL:https://smzh.ch/_next/image/?url=https%3A%2F%2Fcms.smzh.ch%2Fuploads%2FPhoto_a765c711df.jpg&w=3840&q=75 [119806/119806] -> "site/smzh.ch/_next/image/index.html@url=https%3A%2F%2Fcms.smzh.ch%2Fuploads%2FPhoto_a765c711df.jpg&w=3840&q=75" [1]
2026-06-22 07:36:45 URL:https://smzh.ch/_next/image/?url=https%3A%2F%2Fcms.smzh.ch%2Fuploads%2FAvatars_a5cadc7b0e.png&w=256&q=75 [12980/12980] -> "site/smzh.ch/_next/image/index.html@url=https%3A%2F%2Fcms.smzh.ch%2Fuploads%2FAvatars_a5cadc7b0e.png&w=256&q=75" [1]
2026-06-22 07:36:46 URL:https://smzh.ch/_next/image/?url=https%3A%2F%2Fcms.smzh.ch%2Fuploads%2FAvatars_a5cadc7b0e.png&w=640&q=75 [12980/12980] -> "site/smzh.ch/_next/image/index.html@url=https%3A%2F%2Fcms.smzh.ch%2Fuploads%2FAvatars_a5cadc7b0e.png&w=640&q=75" [1]
https://smzh.ch/fonts/CircularXXWeb-RegularItalic.woff2:
2026-06-22 07:36:48 ERROR 500: Internal Server Error.
2026-06-22 07:36:48 URL:https://smzh.ch/de/immobilienbewertung/ [158924/158924] -> "site/smzh.ch/de/immobilienbewertung/index.html" [1]
2026-06-22 07:36:49 URL:https://smzh.ch/_next/image/?url=https%3A%2F%2Fcms.smzh.ch%2Fuploads%2FServices3x_6_4b39d2c9b5.jpg&w=1080&q=75 [78424/78424] -> "site/smzh.ch/_next/image/index.html@url=https%3A%2F%2Fcms.smzh.ch%2Fuploads%2FServices3x_6_4b39d2c9b5.jpg&w=1080&q=75" [1]
2026-06-22 07:36:49 URL:https://smzh.ch/_next/image/?url=https%3A%2F%2Fcms.smzh.ch%2Fuploads%2FServices3x_6_4b39d2c9b5.jpg&w=3840&q=75 [78424/78424] -> "site/smzh.ch/_next/image/index.html@url=https%3A%2F%2Fcms.smzh.ch%2Fuploads%2FServices3x_6_4b39d2c9b5.jpg&w=3840&q=75" [1]
2026-06-22 07:36:49 URL:https://smzh.ch/_next/image/?url=https%3A%2F%2Fcms.smzh.ch%2Fuploads%2FRafael_Szucs_Avatar_7e0ddeccea.png&w=128&q=75 [7148/7148] -> "site/smzh.ch/_next/image/index.html@url=https%3A%2F%2Fcms.smzh.ch%2Fuploads%2FRafael_Szucs_Avatar_7e0ddeccea.png&w=128&q=75" [1]
2026-06-22 07:36:49 URL:https://smzh.ch/_next/image/?url=https%3A%2F%2Fcms.smzh.ch%2Fuploads%2FRafael_Szucs_Avatar_7e0ddeccea.png&w=256&q=75 [7148/7148] -> "site/smzh.ch/_next/image/index.html@url=https%3A%2F%2Fcms.smzh.ch%2Fuploads%2FRafael_Szucs_Avatar_7e0ddeccea.png&w=256&q=75" [1]
2026-06-22 07:36:50 URL:https://smzh.ch/_next/image/?url=https%3A%2F%2Fcms.smzh.ch%2Fuploads%2Fantonella_summa_avatar_0fdbae99f2.webp&w=128&q=75 [2653/2653] -> "site/smzh.ch/_next/image/index.html@url=https%3A%2F%2Fcms.smzh.ch%2Fuploads%2Fantonella_summa_avatar_0fdbae99f2.webp&w=128&q=75" [1]
2026-06-22 07:36:50 URL:https://smzh.ch/_next/image/?url=https%3A%2F%2Fcms.smzh.ch%2Fuploads%2Fantonella_summa_avatar_0fdbae99f2.webp&w=256&q=75 [2653/2653] -> "site/smzh.ch/_next/image/index.html@url=https%3A%2F%2Fcms.smzh.ch%2Fuploads%2Fantonella_summa_avatar_0fdbae99f2.webp&w=256&q=75" [1]
2026-06-22 07:36:50 URL:https://smzh.ch/_next/image/?url=https%3A%2F%2Fcms.smzh.ch%2Fuploads%2FRaphael_Mazzucco_Avatar_75d15dab04.png&w=128&q=75 [7518/7518] -> "site/smzh.ch/_next/image/index.html@url=https%3A%2F%2Fcms.smzh.ch%2Fuploads%2FRaphael_Mazzucco_Avatar_75d15dab04.png&w=128&q=75" [1]
2026-06-22 07:36:50 URL:https://smzh.ch/_next/image/?url=https%3A%2F%2Fcms.smzh.ch%2Fuploads%2FRaphael_Mazzucco_Avatar_75d15dab04.png&w=256&q=75 [7518/7518] -> "site/smzh.ch/_next/image/index.html@url=https%3A%2F%2Fcms.smzh.ch%2Fuploads%2FRaphael_Mazzucco_Avatar_75d15dab04.png&w=256&q=75" [1]
https://smzh.ch/fonts/CircularXXWeb-RegularItalic.woff2:
2026-06-22 07:36:53 ERROR 500: Internal Server Error.
2026-06-22 07:36:54 URL:https://smzh.ch/de/preise-fuer-privatkunden/ [137798/137798] -> "site/smzh.ch/de/preise-fuer-privatkunden/index.html" [1]
2026-06-22 07:36:54 URL:https://smzh.ch/_next/image/?url=https%3A%2F%2Fcms.smzh.ch%2Fuploads%2FFinanzen_Anlagen_cover_0dc9cfe892.png&w=1200&q=75 [96372/96372] -> "site/smzh.ch/_next/image/index.html@url=https%3A%2F%2Fcms.smzh.ch%2Fuploads%2FFinanzen_Anlagen_cover_0dc9cfe892.png&w=1200&q=75" [1]
2026-06-22 07:36:54 URL:https://smzh.ch/_next/image/?url=https%3A%2F%2Fcms.smzh.ch%2Fuploads%2FFinanzen_Anlagen_cover_0dc9cfe892.png&w=3840&q=75 [96372/96372] -> "site/smzh.ch/_next/image/index.html@url=https%3A%2F%2Fcms.smzh.ch%2Fuploads%2FFinanzen_Anlagen_cover_0dc9cfe892.png&w=3840&q=75" [1]
2026-06-22 07:36:54 URL:https://smzh.ch/_next/image/?url=https%3A%2F%2Fcms.smzh.ch%2Fuploads%2FVersicherungs_Vorsorgecheck_cover_4384985c6d.png&w=1200&q=75 [97277/97277] -> "site/smzh.ch/_next/image/index.html@url=https%3A%2F%2Fcms.smzh.ch%2Fuploads%2FVersicherungs_Vorsorgecheck_cover_4384985c6d.png&w=1200&q=75" [1]
2026-06-22 07:36:54 URL:https://smzh.ch/_next/image/?url=https%3A%2F%2Fcms.smzh.ch%2Fuploads%2FVersicherungs_Vorsorgecheck_cover_4384985c6d.png&w=3840&q=75 [97277/97277] -> "site/smzh.ch/_next/image/index.html@url=https%3A%2F%2Fcms.smzh.ch%2Fuploads%2FVersicherungs_Vorsorgecheck_cover_4384985c6d.png&w=3840&q=75" [1]
2026-06-22 07:36:54 URL:https://smzh.ch/_next/image/?url=https%3A%2F%2Fcms.smzh.ch%2Fuploads%2FImmobilien_Hypotheken_cover_37606abba1.png&w=1200&q=75 [97198/97198] -> "site/smzh.ch/_next/image/index.html@url=https%3A%2F%2Fcms.smzh.ch%2Fuploads%2FImmobilien_Hypotheken_cover_37606abba1.png&w=1200&q=75" [1]
2026-06-22 07:36:54 URL:https://smzh.ch/_next/image/?url=https%3A%2F%2Fcms.smzh.ch%2Fuploads%2FImmobilien_Hypotheken_cover_37606abba1.png&w=3840&q=75 [97198/97198] -> "site/smzh.ch/_next/image/index.html@url=https%3A%2F%2Fcms.smzh.ch%2Fuploads%2FImmobilien_Hypotheken_cover_37606abba1.png&w=3840&q=75" [1]
2026-06-22 07:36:55 URL:https://smzh.ch/_next/image/?url=https%3A%2F%2Fcms.smzh.ch%2Fuploads%2FSteuern_Steuererklaerung_cover_e72bba5ba0.png&w=1200&q=75 [86444/86444] -> "site/smzh.ch/_next/image/index.html@url=https%3A%2F%2Fcms.smzh.ch%2Fuploads%2FSteuern_Steuererklaerung_cover_e72bba5ba0.png&w=1200&q=75" [1]
2026-06-22 07:36:55 URL:https://smzh.ch/_next/image/?url=https%3A%2F%2Fcms.smzh.ch%2Fuploads%2FSteuern_Steuererklaerung_cover_e72bba5ba0.png&w=3840&q=75 [86444/86444] -> "site/smzh.ch/_next/image/index.html@url=https%3A%2F%2Fcms.smzh.ch%2Fuploads%2FSteuern_Steuererklaerung_cover_e72bba5ba0.png&w=3840&q=75" [1]
https://smzh.ch/fonts/CircularXXWeb-RegularItalic.woff2:
2026-06-22 07:36:58 ERROR 500: Internal Server Error.
2026-06-22 07:36:59 URL:https://smzh.ch/de/preise-fuer-firmenkunden/ [133180/133180] -> "site/smzh.ch/de/preise-fuer-firmenkunden/index.html" [1]
2026-06-22 07:36:59 URL:https://smzh.ch/_next/image/?url=https%3A%2F%2Fcms.smzh.ch%2Fuploads%2Ffinanzierung_cover_f5481ec46a.png&w=1200&q=75 [76632/76632] -> "site/smzh.ch/_next/image/index.html@url=https%3A%2F%2Fcms.smzh.ch%2Fuploads%2Ffinanzierung_cover_f5481ec46a.png&w=1200&q=75" [1]
2026-06-22 07:36:59 URL:https://smzh.ch/_next/image/?url=https%3A%2F%2Fcms.smzh.ch%2Fuploads%2Ffinanzierung_cover_f5481ec46a.png&w=3840&q=75 [76632/76632] -> "site/smzh.ch/_next/image/index.html@url=https%3A%2F%2Fcms.smzh.ch%2Fuploads%2Ffinanzierung_cover_f5481ec46a.png&w=3840&q=75" [1]
2026-06-22 07:36:59 URL:https://smzh.ch/_next/image/?url=https%3A%2F%2Fcms.smzh.ch%2Fuploads%2Fvorsorge_cover_c2d01f92d3.png&w=1200&q=75 [90835/90835] -> "site/smzh.ch/_next/image/index.html@url=https%3A%2F%2Fcms.smzh.ch%2Fuploads%2Fvorsorge_cover_c2d01f92d3.png&w=1200&q=75" [1]
2026-06-22 07:37:00 URL:https://smzh.ch/_next/image/?url=https%3A%2F%2Fcms.smzh.ch%2Fuploads%2Fvorsorge_cover_c2d01f92d3.png&w=3840&q=75 [90835/90835] -> "site/smzh.ch/_next/image/index.html@url=https%3A%2F%2Fcms.smzh.ch%2Fuploads%2Fvorsorge_cover_c2d01f92d3.png&w=3840&q=75" [1]
2026-06-22 07:37:00 URL:https://smzh.ch/_next/image/?url=https%3A%2F%2Fcms.smzh.ch%2Fuploads%2Fversicherungen_cover_8123781fe0.png&w=1200&q=75 [91666/91666] -> "site/smzh.ch/_next/image/index.html@url=https%3A%2F%2Fcms.smzh.ch%2Fuploads%2Fversicherungen_cover_8123781fe0.png&w=1200&q=75" [1]
2026-06-22 07:37:00 URL:https://smzh.ch/_next/image/?url=https%3A%2F%2Fcms.smzh.ch%2Fuploads%2Fversicherungen_cover_8123781fe0.png&w=3840&q=75 [91666/91666] -> "site/smzh.ch/_next/image/index.html@url=https%3A%2F%2Fcms.smzh.ch%2Fuploads%2Fversicherungen_cover_8123781fe0.png&w=3840&q=75" [1]
2026-06-22 07:37:00 URL:https://smzh.ch/_next/image/?url=https%3A%2F%2Fcms.smzh.ch%2Fuploads%2Fsteuern_cover_9d56dce7d8.png&w=1200&q=75 [84241/84241] -> "site/smzh.ch/_next/image/index.html@url=https%3A%2F%2Fcms.smzh.ch%2Fuploads%2Fsteuern_cover_9d56dce7d8.png&w=1200&q=75" [1]
2026-06-22 07:37:00 URL:https://smzh.ch/_next/image/?url=https%3A%2F%2Fcms.smzh.ch%2Fuploads%2Fsteuern_cover_9d56dce7d8.png&w=3840&q=75 [84241/84241] -> "site/smzh.ch/_next/image/index.html@url=https%3A%2F%2Fcms.smzh.ch%2Fuploads%2Fsteuern_cover_9d56dce7d8.png&w=3840&q=75" [1]
https://smzh.ch/fonts/CircularXXWeb-RegularItalic.woff2:
2026-06-22 07:37:03 ERROR 500: Internal Server Error.
2026-06-22 07:37:03 URL:https://smzh.ch/de/uber-uns/ [141469/141469] -> "site/smzh.ch/de/uber-uns/index.html" [1]
2026-06-22 07:37:05 URL:https://cms.smzh.ch/uploads/960_x_480_c54ffe0ada.png [187408/187408] -> "site/cms.smzh.ch/uploads/960_x_480_c54ffe0ada.png" [1]
https://smzh.ch/fonts/CircularXXWeb-RegularItalic.woff2:
2026-06-22 07:37:09 ERROR 500: Internal Server Error.
2026-06-22 07:37:09 URL:https://smzh.ch/de/geschaftspartner/ [274955/274955] -> "site/smzh.ch/de/geschaftspartner/index.html" [1]
2026-06-22 07:37:10 URL:https://smzh.ch/_next/image/?url=https%3A%2F%2Fcms.smzh.ch%2Fuploads%2Fimage_6_d0275542b2.jpg&w=640&q=75 [5764/5764] -> "site/smzh.ch/_next/image/index.html@url=https%3A%2F%2Fcms.smzh.ch%2Fuploads%2Fimage_6_d0275542b2.jpg&w=640&q=75" [1]
2026-06-22 07:37:10 URL:https://smzh.ch/_next/image/?url=https%3A%2F%2Fcms.smzh.ch%2Fuploads%2Fimage_6_d0275542b2.jpg&w=828&q=75 [5764/5764] -> "site/smzh.ch/_next/image/index.html@url=https%3A%2F%2Fcms.smzh.ch%2Fuploads%2Fimage_6_d0275542b2.jpg&w=828&q=75" [1]
2026-06-22 07:37:10 URL:https://smzh.ch/_next/image/?url=https%3A%2F%2Fcms.smzh.ch%2Fuploads%2FAllianz_5836edeba8.png&w=750&q=75 [2300/2300] -> "site/smzh.ch/_next/image/index.html@url=https%3A%2F%2Fcms.smzh.ch%2Fuploads%2FAllianz_5836edeba8.png&w=750&q=75" [1]
2026-06-22 07:37:10 URL:https://smzh.ch/_next/image/?url=https%3A%2F%2Fcms.smzh.ch%2Fuploads%2FAllianz_5836edeba8.png&w=1920&q=75 [2300/2300] -> "site/smzh.ch/_next/image/index.html@url=https%3A%2F%2Fcms.smzh.ch%2Fuploads%2FAllianz_5836edeba8.png&w=1920&q=75" [1]
2026-06-22 07:37:10 URL:https://smzh.ch/_next/image/?url=https%3A%2F%2Fcms.smzh.ch%2Fuploads%2Fasga_pensionkasse_4ebeb54669.png&w=1080&q=75 [4720/4720] -> "site/smzh.ch/_next/image/index.html@url=https%3A%2F%2Fcms.smzh.ch%2Fuploads%2Fasga_pensionkasse_4ebeb54669.png&w=1080&q=75" [1]
2026-06-22 07:37:10 URL:https://smzh.ch/_next/image/?url=https%3A%2F%2Fcms.smzh.ch%2Fuploads%2Fasga_pensionkasse_4ebeb54669.png&w=2048&q=75 [4720/4720] -> "site/smzh.ch/_next/image/index.html@url=https%3A%2F%2Fcms.smzh.ch%2Fuploads%2Fasga_pensionkasse_4ebeb54669.png&w=2048&q=75" [1]
2026-06-22 07:37:11 URL:https://cms.smzh.ch/uploads/atupri_b7b221f59f.svg [4981/4981] -> "site/cms.smzh.ch/uploads/atupri_b7b221f59f.svg" [1]
2026-06-22 07:37:11 URL:https://smzh.ch/_next/image/?url=https%3A%2F%2Fcms.smzh.ch%2Fuploads%2FAutomate_59da74e9e8.png&w=750&q=75 [2671/2671] -> "site/smzh.ch/_next/image/index.html@url=https%3A%2F%2Fcms.smzh.ch%2Fuploads%2FAutomate_59da74e9e8.png&w=750&q=75" [1]
2026-06-22 07:37:11 URL:https://smzh.ch/_next/image/?url=https%3A%2F%2Fcms.smzh.ch%2Fuploads%2FAutomate_59da74e9e8.png&w=1920&q=75 [2671/2671] -> "site/smzh.ch/_next/image/index.html@url=https%3A%2F%2Fcms.smzh.ch%2Fuploads%2FAutomate_59da74e9e8.png&w=1920&q=75" [1]
2026-06-22 07:37:11 URL:https://smzh.ch/_next/image/?url=https%3A%2F%2Fcms.smzh.ch%2Fuploads%2FAXA_3f7cc53246.png&w=750&q=75 [3434/3434] -> "site/smzh.ch/_next/image/index.html@url=https%3A%2F%2Fcms.smzh.ch%2Fuploads%2FAXA_3f7cc53246.png&w=750&q=75" [1]
2026-06-22 07:37:11 URL:https://smzh.ch/_next/image/?url=https%3A%2F%2Fcms.smzh.ch%2Fuploads%2FAXA_3f7cc53246.png&w=1920&q=75 [3434/3434] -> "site/smzh.ch/_next/image/index.html@url=https%3A%2F%2Fcms.smzh.ch%2Fuploads%2FAXA_3f7cc53246.png&w=1920&q=75" [1]
2026-06-22 07:37:12 URL:https://smzh.ch/_next/image/?url=https%3A%2F%2Fcms.smzh.ch%2Fuploads%2FBaloise_6dca926f3e.png&w=750&q=75 [2492/2492] -> "site/smzh.ch/_next/image/index.html@url=https%3A%2F%2Fcms.smzh.ch%2Fuploads%2FBaloise_6dca926f3e.png&w=750&q=75" [1]
2026-06-22 07:37:12 URL:https://smzh.ch/_next/image/?url=https%3A%2F%2Fcms.smzh.ch%2Fuploads%2FBaloise_6dca926f3e.png&w=1920&q=75 [2492/2492] -> "site/smzh.ch/_next/image/index.html@url=https%3A%2F%2Fcms.smzh.ch%2Fuploads%2FBaloise_6dca926f3e.png&w=1920&q=75" [1]
2026-06-22 07:37:12 URL:https://smzh.ch/_next/image/?url=https%3A%2F%2Fcms.smzh.ch%2Fuploads%2FBasler_eb5fa28171.png&w=750&q=75 [2524/2524] -> "site/smzh.ch/_next/image/index.html@url=https%3A%2F%2Fcms.smzh.ch%2Fuploads%2FBasler_eb5fa28171.png&w=750&q=75" [1]
2026-06-22 07:37:12 URL:https://smzh.ch/_next/image/?url=https%3A%2F%2Fcms.smzh.ch%2Fuploads%2FBasler_eb5fa28171.png&w=1920&q=75 [2524/2524] -> "site/smzh.ch/_next/image/index.html@url=https%3A%2F%2Fcms.smzh.ch%2Fuploads%2FBasler_eb5fa28171.png&w=1920&q=75" [1]
2026-06-22 07:37:12 URL:https://smzh.ch/_next/image/?url=https%3A%2F%2Fcms.smzh.ch%2Fuploads%2FBrokermarket_9141d8b3e9.png&w=750&q=75 [2470/2470] -> "site/smzh.ch/_next/image/index.html@url=https%3A%2F%2Fcms.smzh.ch%2Fuploads%2FBrokermarket_9141d8b3e9.png&w=750&q=75" [1]
2026-06-22 07:37:12 URL:https://smzh.ch/_next/image/?url=https%3A%2F%2Fcms.smzh.ch%2Fuploads%2FBrokermarket_9141d8b3e9.png&w=1920&q=75 [2470/2470] -> "site/smzh.ch/_next/image/index.html@url=https%3A%2F%2Fcms.smzh.ch%2Fuploads%2FBrokermarket_9141d8b3e9.png&w=1920&q=75" [1]
2026-06-22 07:37:13 URL:https://smzh.ch/_next/image/?url=https%3A%2F%2Fcms.smzh.ch%2Fuploads%2FConcordia_7553cc6bdf.png&w=750&q=75 [2721/2721] -> "site/smzh.ch/_next/image/index.html@url=https%3A%2F%2Fcms.smzh.ch%2Fuploads%2FConcordia_7553cc6bdf.png&w=750&q=75" [1]
2026-06-22 07:37:13 URL:https://smzh.ch/_next/image/?url=https%3A%2F%2Fcms.smzh.ch%2Fuploads%2FConcordia_7553cc6bdf.png&w=1920&q=75 [2721/2721] -> "site/smzh.ch/_next/image/index.html@url=https%3A%2F%2Fcms.smzh.ch%2Fuploads%2FConcordia_7553cc6bdf.png&w=1920&q=75" [1]
2026-06-22 07:37:13 URL:https://cms.smzh.ch/uploads/CSS_141a9d9319.svg [5852/5852] -> "site/cms.smzh.ch/uploads/CSS_141a9d9319.svg" [1]
2026-06-22 07:37:13 URL:https://smzh.ch/_next/image/?url=https%3A%2F%2Fcms.smzh.ch%2Fuploads%2FEmmental_e18b572c8f.png&w=384&q=75 [3097/3097] -> "site/smzh.ch/_next/image/index.html@url=https%3A%2F%2Fcms.smzh.ch%2Fuploads%2FEmmental_e18b572c8f.png&w=384&q=75" [1]
2026-06-22 07:37:13 URL:https://smzh.ch/_next/image/?url=https%3A%2F%2Fcms.smzh.ch%2Fuploads%2FEmmental_e18b572c8f.png&w=750&q=75 [3097/3097] -> "site/smzh.ch/_next/image/index.html@url=https%3A%2F%2Fcms.smzh.ch%2Fuploads%2FEmmental_e18b572c8f.png&w=750&q=75" [1]
2026-06-22 07:37:13 URL:https://smzh.ch/_next/image/?url=https%3A%2F%2Fcms.smzh.ch%2Fuploads%2FEpona_db0f0be01e.png&w=750&q=75 [2033/2033] -> "site/smzh.ch/_next/image/index.html@url=https%3A%2F%2Fcms.smzh.ch%2Fuploads%2FEpona_db0f0be01e.png&w=750&q=75" [1]
2026-06-22 07:37:14 URL:https://smzh.ch/_next/image/?url=https%3A%2F%2Fcms.smzh.ch%2Fuploads%2FEpona_db0f0be01e.png&w=1920&q=75 [2033/2033] -> "site/smzh.ch/_next/image/index.html@url=https%3A%2F%2Fcms.smzh.ch%2Fuploads%2FEpona_db0f0be01e.png&w=1920&q=75" [1]
2026-06-22 07:37:14 URL:https://smzh.ch/_next/image/?url=https%3A%2F%2Fcms.smzh.ch%2Fuploads%2Fsmzhxeveron_f30eabcd12.jpg&w=3840&q=75 [26093/26093] -> "site/smzh.ch/_next/image/index.html@url=https%3A%2F%2Fcms.smzh.ch%2Fuploads%2Fsmzhxeveron_f30eabcd12.jpg&w=3840&q=75" [1]
2026-06-22 07:37:14 URL:https://smzh.ch/_next/image/?url=https%3A%2F%2Fcms.smzh.ch%2Fuploads%2FFutura_b480bbfff6.png&w=750&q=75 [3598/3598] -> "site/smzh.ch/_next/image/index.html@url=https%3A%2F%2Fcms.smzh.ch%2Fuploads%2FFutura_b480bbfff6.png&w=750&q=75" [1]
2026-06-22 07:37:14 URL:https://smzh.ch/_next/image/?url=https%3A%2F%2Fcms.smzh.ch%2Fuploads%2FFutura_b480bbfff6.png&w=1920&q=75 [3598/3598] -> "site/smzh.ch/_next/image/index.html@url=https%3A%2F%2Fcms.smzh.ch%2Fuploads%2FFutura_b480bbfff6.png&w=1920&q=75" [1]
2026-06-22 07:37:14 URL:https://smzh.ch/_next/image/?url=https%3A%2F%2Fcms.smzh.ch%2Fuploads%2FGenerali_3a6148cfee.png&w=1080&q=75 [8005/8005] -> "site/smzh.ch/_next/image/index.html@url=https%3A%2F%2Fcms.smzh.ch%2Fuploads%2FGenerali_3a6148cfee.png&w=1080&q=75" [1]
2026-06-22 07:37:15 URL:https://smzh.ch/_next/image/?url=https%3A%2F%2Fcms.smzh.ch%2Fuploads%2FGenerali_3a6148cfee.png&w=2048&q=75 [8005/8005] -> "site/smzh.ch/_next/image/index.html@url=https%3A%2F%2Fcms.smzh.ch%2Fuploads%2FGenerali_3a6148cfee.png&w=2048&q=75" [1]
2026-06-22 07:37:15 URL:https://cms.smzh.ch/uploads/Glarner_f884643797.svg [12818/12818] -> "site/cms.smzh.ch/uploads/Glarner_f884643797.svg" [1]
2026-06-22 07:37:15 URL:https://smzh.ch/_next/image/?url=https%3A%2F%2Fcms.smzh.ch%2Fuploads%2FHelsana_d55e8b30ec.png&w=750&q=75 [1939/1939] -> "site/smzh.ch/_next/image/index.html@url=https%3A%2F%2Fcms.smzh.ch%2Fuploads%2FHelsana_d55e8b30ec.png&w=750&q=75" [1]
2026-06-22 07:37:15 URL:https://smzh.ch/_next/image/?url=https%3A%2F%2Fcms.smzh.ch%2Fuploads%2FHelsana_d55e8b30ec.png&w=1920&q=75 [1939/1939] -> "site/smzh.ch/_next/image/index.html@url=https%3A%2F%2Fcms.smzh.ch%2Fuploads%2FHelsana_d55e8b30ec.png&w=1920&q=75" [1]
2026-06-22 07:37:15 URL:https://smzh.ch/_next/image/?url=https%3A%2F%2Fcms.smzh.ch%2Fuploads%2FHelvetia_a844ac969d.png&w=750&q=75 [2291/2291] -> "site/smzh.ch/_next/image/index.html@url=https%3A%2F%2Fcms.smzh.ch%2Fuploads%2FHelvetia_a844ac969d.png&w=750&q=75" [1]
2026-06-22 07:37:16 URL:https://smzh.ch/_next/image/?url=https%3A%2F%2Fcms.smzh.ch%2Fuploads%2FHelvetia_a844ac969d.png&w=1920&q=75 [2291/2291] -> "site/smzh.ch/_next/image/index.html@url=https%3A%2F%2Fcms.smzh.ch%2Fuploads%2FHelvetia_a844ac969d.png&w=1920&q=75" [1]
2026-06-22 07:37:16 URL:https://smzh.ch/_next/image/?url=https%3A%2F%2Fcms.smzh.ch%2Fuploads%2FInnova_a2397bec76.png&w=1080&q=75 [3753/3753] -> "site/smzh.ch/_next/image/index.html@url=https%3A%2F%2Fcms.smzh.ch%2Fuploads%2FInnova_a2397bec76.png&w=1080&q=75" [1]
2026-06-22 07:37:16 URL:https://smzh.ch/_next/image/?url=https%3A%2F%2Fcms.smzh.ch%2Fuploads%2FInnova_a2397bec76.png&w=2048&q=75 [3753/3753] -> "site/smzh.ch/_next/image/index.html@url=https%3A%2F%2Fcms.smzh.ch%2Fuploads%2FInnova_a2397bec76.png&w=2048&q=75" [1]
2026-06-22 07:37:16 URL:https://smzh.ch/_next/image/?url=https%3A%2F%2Fcms.smzh.ch%2Fuploads%2FKPT_c21b8b98b0.png&w=750&q=75 [2565/2565] -> "site/smzh.ch/_next/image/index.html@url=https%3A%2F%2Fcms.smzh.ch%2Fuploads%2FKPT_c21b8b98b0.png&w=750&q=75" [1]
2026-06-22 07:37:16 URL:https://smzh.ch/_next/image/?url=https%3A%2F%2Fcms.smzh.ch%2Fuploads%2FKPT_c21b8b98b0.png&w=1920&q=75 [2565/2565] -> "site/smzh.ch/_next/image/index.html@url=https%3A%2F%2Fcms.smzh.ch%2Fuploads%2FKPT_c21b8b98b0.png&w=1920&q=75" [1]
2026-06-22 07:37:17 URL:https://smzh.ch/_next/image/?url=https%3A%2F%2Fcms.smzh.ch%2Fuploads%2FMigros_bank_fbf869828d.png&w=750&q=75 [2286/2286] -> "site/smzh.ch/_next/image/index.html@url=https%3A%2F%2Fcms.smzh.ch%2Fuploads%2FMigros_bank_fbf869828d.png&w=750&q=75" [1]
2026-06-22 07:37:17 URL:https://smzh.ch/_next/image/?url=https%3A%2F%2Fcms.smzh.ch%2Fuploads%2FMigros_bank_fbf869828d.png&w=1920&q=75 [2286/2286] -> "site/smzh.ch/_next/image/index.html@url=https%3A%2F%2Fcms.smzh.ch%2Fuploads%2FMigros_bank_fbf869828d.png&w=1920&q=75" [1]
2026-06-22 07:37:17 URL:https://smzh.ch/_next/image/?url=https%3A%2F%2Fcms.smzh.ch%2Fuploads%2FDie_mobiliar_c55d8cac86.png&w=1080&q=75 [5052/5052] -> "site/smzh.ch/_next/image/index.html@url=https%3A%2F%2Fcms.smzh.ch%2Fuploads%2FDie_mobiliar_c55d8cac86.png&w=1080&q=75" [1]
2026-06-22 07:37:17 URL:https://smzh.ch/_next/image/?url=https%3A%2F%2Fcms.smzh.ch%2Fuploads%2FDie_mobiliar_c55d8cac86.png&w=2048&q=75 [5052/5052] -> "site/smzh.ch/_next/image/index.html@url=https%3A%2F%2Fcms.smzh.ch%2Fuploads%2FDie_mobiliar_c55d8cac86.png&w=2048&q=75" [1]
2026-06-22 07:37:17 URL:https://smzh.ch/_next/image/?url=https%3A%2F%2Fcms.smzh.ch%2Fuploads%2FNest_ddb302387f.png&w=1080&q=75 [4056/4056] -> "site/smzh.ch/_next/image/index.html@url=https%3A%2F%2Fcms.smzh.ch%2Fuploads%2FNest_ddb302387f.png&w=1080&q=75" [1]
2026-06-22 07:37:17 URL:https://smzh.ch/_next/image/?url=https%3A%2F%2Fcms.smzh.ch%2Fuploads%2FNest_ddb302387f.png&w=2048&q=75 [4056/4056] -> "site/smzh.ch/_next/image/index.html@url=https%3A%2F%2Fcms.smzh.ch%2Fuploads%2FNest_ddb302387f.png&w=2048&q=75" [1]
2026-06-22 07:37:18 URL:https://cms.smzh.ch/uploads/OKK_653b242498.svg [20066/20066] -> "site/cms.smzh.ch/uploads/OKK_653b242498.svg" [1]
2026-06-22 07:37:18 URL:https://cms.smzh.ch/uploads/Orion_b91814674e.svg [2159/2159] -> "site/cms.smzh.ch/uploads/Orion_b91814674e.svg" [1]
2026-06-22 07:37:18 URL:https://smzh.ch/_next/image/?url=https%3A%2F%2Fcms.smzh.ch%2Fuploads%2FPAX_39ced16bcf.png&w=750&q=75 [1904/1904] -> "site/smzh.ch/_next/image/index.html@url=https%3A%2F%2Fcms.smzh.ch%2Fuploads%2FPAX_39ced16bcf.png&w=750&q=75" [1]
2026-06-22 07:37:18 URL:https://smzh.ch/_next/image/?url=https%3A%2F%2Fcms.smzh.ch%2Fuploads%2FPAX_39ced16bcf.png&w=1920&q=75 [1904/1904] -> "site/smzh.ch/_next/image/index.html@url=https%3A%2F%2Fcms.smzh.ch%2Fuploads%2FPAX_39ced16bcf.png&w=1920&q=75" [1]
2026-06-22 07:37:19 URL:https://smzh.ch/_next/image/?url=https%3A%2F%2Fcms.smzh.ch%2Fuploads%2FPKG_5308b7672f.png&w=1080&q=75 [6091/6091] -> "site/smzh.ch/_next/image/index.html@url=https%3A%2F%2Fcms.smzh.ch%2Fuploads%2FPKG_5308b7672f.png&w=1080&q=75" [1]
2026-06-22 07:37:19 URL:https://smzh.ch/_next/image/?url=https%3A%2F%2Fcms.smzh.ch%2Fuploads%2FPKG_5308b7672f.png&w=2048&q=75 [6091/6091] -> "site/smzh.ch/_next/image/index.html@url=https%3A%2F%2Fcms.smzh.ch%2Fuploads%2FPKG_5308b7672f.png&w=2048&q=75" [1]
2026-06-22 07:37:19 URL:https://smzh.ch/_next/image/?url=https%3A%2F%2Fcms.smzh.ch%2Fuploads%2FProfond_6d051d17f9.png&w=1080&q=75 [3710/3710] -> "site/smzh.ch/_next/image/index.html@url=https%3A%2F%2Fcms.smzh.ch%2Fuploads%2FProfond_6d051d17f9.png&w=1080&q=75" [1]
2026-06-22 07:37:19 URL:https://smzh.ch/_next/image/?url=https%3A%2F%2Fcms.smzh.ch%2Fuploads%2FProfond_6d051d17f9.png&w=2048&q=75 [3710/3710] -> "site/smzh.ch/_next/image/index.html@url=https%3A%2F%2Fcms.smzh.ch%2Fuploads%2FProfond_6d051d17f9.png&w=2048&q=75" [1]
2026-06-22 07:37:19 URL:https://smzh.ch/_next/image/?url=https%3A%2F%2Fcms.smzh.ch%2Fuploads%2FRaiffeisen_34163fa481.png&w=750&q=75 [1793/1793] -> "site/smzh.ch/_next/image/index.html@url=https%3A%2F%2Fcms.smzh.ch%2Fuploads%2FRaiffeisen_34163fa481.png&w=750&q=75" [1]
2026-06-22 07:37:19 URL:https://smzh.ch/_next/image/?url=https%3A%2F%2Fcms.smzh.ch%2Fuploads%2FRaiffeisen_34163fa481.png&w=1920&q=75 [1793/1793] -> "site/smzh.ch/_next/image/index.html@url=https%3A%2F%2Fcms.smzh.ch%2Fuploads%2FRaiffeisen_34163fa481.png&w=1920&q=75" [1]
2026-06-22 07:37:20 URL:https://smzh.ch/_next/image/?url=https%3A%2F%2Fcms.smzh.ch%2Fuploads%2FSmile_b98524858b.png&w=750&q=75 [1929/1929] -> "site/smzh.ch/_next/image/index.html@url=https%3A%2F%2Fcms.smzh.ch%2Fuploads%2FSmile_b98524858b.png&w=750&q=75" [1]
2026-06-22 07:37:20 URL:https://smzh.ch/_next/image/?url=https%3A%2F%2Fcms.smzh.ch%2Fuploads%2FSmile_b98524858b.png&w=1920&q=75 [1929/1929] -> "site/smzh.ch/_next/image/index.html@url=https%3A%2F%2Fcms.smzh.ch%2Fuploads%2FSmile_b98524858b.png&w=1920&q=75" [1]
2026-06-22 07:37:20 URL:https://smzh.ch/_next/image/?url=https%3A%2F%2Fcms.smzh.ch%2Fuploads%2Fschwyzer_kantonalbank_4d73b44038.png&w=750&q=75 [3265/3265] -> "site/smzh.ch/_next/image/index.html@url=https%3A%2F%2Fcms.smzh.ch%2Fuploads%2Fschwyzer_kantonalbank_4d73b44038.png&w=750&q=75" [1]
2026-06-22 07:37:20 URL:https://smzh.ch/_next/image/?url=https%3A%2F%2Fcms.smzh.ch%2Fuploads%2Fschwyzer_kantonalbank_4d73b44038.png&w=1920&q=75 [3265/3265] -> "site/smzh.ch/_next/image/index.html@url=https%3A%2F%2Fcms.smzh.ch%2Fuploads%2Fschwyzer_kantonalbank_4d73b44038.png&w=1920&q=75" [1]
2026-06-22 07:37:20 URL:https://cms.smzh.ch/uploads/swica_981f7f5452.svg [2794/2794] -> "site/cms.smzh.ch/uploads/swica_981f7f5452.svg" [1]
2026-06-22 07:37:21 URL:https://smzh.ch/_next/image/?url=https%3A%2F%2Fcms.smzh.ch%2Fuploads%2FSwisslife_7c00958c1f.png&w=750&q=75 [3391/3391] -> "site/smzh.ch/_next/image/index.html@url=https%3A%2F%2Fcms.smzh.ch%2Fuploads%2FSwisslife_7c00958c1f.png&w=750&q=75" [1]
2026-06-22 07:37:21 URL:https://smzh.ch/_next/image/?url=https%3A%2F%2Fcms.smzh.ch%2Fuploads%2FSwisslife_7c00958c1f.png&w=1920&q=75 [3391/3391] -> "site/smzh.ch/_next/image/index.html@url=https%3A%2F%2Fcms.smzh.ch%2Fuploads%2FSwisslife_7c00958c1f.png&w=1920&q=75" [1]
2026-06-22 07:37:21 URL:https://smzh.ch/_next/image/?url=https%3A%2F%2Fcms.smzh.ch%2Fuploads%2FSympany_164cb49166.png&w=1080&q=75 [5854/5854] -> "site/smzh.ch/_next/image/index.html@url=https%3A%2F%2Fcms.smzh.ch%2Fuploads%2FSympany_164cb49166.png&w=1080&q=75" [1]
2026-06-22 07:37:21 URL:https://smzh.ch/_next/image/?url=https%3A%2F%2Fcms.smzh.ch%2Fuploads%2FSympany_164cb49166.png&w=2048&q=75 [5854/5854] -> "site/smzh.ch/_next/image/index.html@url=https%3A%2F%2Fcms.smzh.ch%2Fuploads%2FSympany_164cb49166.png&w=2048&q=75" [1]
2026-06-22 07:37:21 URL:https://smzh.ch/_next/image/?url=https%3A%2F%2Fcms.smzh.ch%2Fuploads%2FTellco_4f3022dc5b.png&w=750&q=75 [3171/3171] -> "site/smzh.ch/_next/image/index.html@url=https%3A%2F%2Fcms.smzh.ch%2Fuploads%2FTellco_4f3022dc5b.png&w=750&q=75" [1]
2026-06-22 07:37:21 URL:https://smzh.ch/_next/image/?url=https%3A%2F%2Fcms.smzh.ch%2Fuploads%2FTellco_4f3022dc5b.png&w=1920&q=75 [3171/3171] -> "site/smzh.ch/_next/image/index.html@url=https%3A%2F%2Fcms.smzh.ch%2Fuploads%2FTellco_4f3022dc5b.png&w=1920&q=75" [1]
2026-06-22 07:37:22 URL:https://smzh.ch/_next/image/?url=https%3A%2F%2Fcms.smzh.ch%2Fuploads%2FKey4ubs_0be5de9c4b.png&w=750&q=75 [2396/2396] -> "site/smzh.ch/_next/image/index.html@url=https%3A%2F%2Fcms.smzh.ch%2Fuploads%2FKey4ubs_0be5de9c4b.png&w=750&q=75" [1]
2026-06-22 07:37:22 URL:https://smzh.ch/_next/image/?url=https%3A%2F%2Fcms.smzh.ch%2Fuploads%2FKey4ubs_0be5de9c4b.png&w=1920&q=75 [2396/2396] -> "site/smzh.ch/_next/image/index.html@url=https%3A%2F%2Fcms.smzh.ch%2Fuploads%2FKey4ubs_0be5de9c4b.png&w=1920&q=75" [1]
2026-06-22 07:37:22 URL:https://smzh.ch/_next/image/?url=https%3A%2F%2Fcms.smzh.ch%2Fuploads%2FValiant_6e7f14f13b.png&w=750&q=75 [2044/2044] -> "site/smzh.ch/_next/image/index.html@url=https%3A%2F%2Fcms.smzh.ch%2Fuploads%2FValiant_6e7f14f13b.png&w=750&q=75" [1]
2026-06-22 07:37:22 URL:https://smzh.ch/_next/image/?url=https%3A%2F%2Fcms.smzh.ch%2Fuploads%2FValiant_6e7f14f13b.png&w=1920&q=75 [2044/2044] -> "site/smzh.ch/_next/image/index.html@url=https%3A%2F%2Fcms.smzh.ch%2Fuploads%2FValiant_6e7f14f13b.png&w=1920&q=75" [1]
2026-06-22 07:37:22 URL:https://smzh.ch/_next/image/?url=https%3A%2F%2Fcms.smzh.ch%2Fuploads%2FVaudoise_24ed33fb4a.png&w=1080&q=75 [6238/6238] -> "site/smzh.ch/_next/image/index.html@url=https%3A%2F%2Fcms.smzh.ch%2Fuploads%2FVaudoise_24ed33fb4a.png&w=1080&q=75" [1]
2026-06-22 07:37:23 URL:https://smzh.ch/_next/image/?url=https%3A%2F%2Fcms.smzh.ch%2Fuploads%2FVaudoise_24ed33fb4a.png&w=2048&q=75 [6238/6238] -> "site/smzh.ch/_next/image/index.html@url=https%3A%2F%2Fcms.smzh.ch%2Fuploads%2FVaudoise_24ed33fb4a.png&w=2048&q=75" [1]
2026-06-22 07:37:25 URL:https://smzh.ch/_next/image/?url=https%3A%2F%2Fcms.smzh.ch%2Fuploads%2FVontobel_49c0120dee.png&w=750&q=75 [2270/2270] -> "site/smzh.ch/_next/image/index.html@url=https%3A%2F%2Fcms.smzh.ch%2Fuploads%2FVontobel_49c0120dee.png&w=750&q=75" [1]
2026-06-22 07:37:25 URL:https://smzh.ch/_next/image/?url=https%3A%2F%2Fcms.smzh.ch%2Fuploads%2FVontobel_49c0120dee.png&w=1920&q=75 [2270/2270] -> "site/smzh.ch/_next/image/index.html@url=https%3A%2F%2Fcms.smzh.ch%2Fuploads%2FVontobel_49c0120dee.png&w=1920&q=75" [1]
2026-06-22 07:37:25 URL:https://smzh.ch/_next/image/?url=https%3A%2F%2Fcms.smzh.ch%2Fuploads%2FVita_7c9730c7c5.png&w=750&q=75 [1479/1479] -> "site/smzh.ch/_next/image/index.html@url=https%3A%2F%2Fcms.smzh.ch%2Fuploads%2FVita_7c9730c7c5.png&w=750&q=75" [1]
2026-06-22 07:37:25 URL:https://smzh.ch/_next/image/?url=https%3A%2F%2Fcms.smzh.ch%2Fuploads%2FVita_7c9730c7c5.png&w=1920&q=75 [1479/1479] -> "site/smzh.ch/_next/image/index.html@url=https%3A%2F%2Fcms.smzh.ch%2Fuploads%2FVita_7c9730c7c5.png&w=1920&q=75" [1]
2026-06-22 07:37:26 URL:https://cms.smzh.ch/uploads/Zugerberg_f2a7f541e2.svg [5043/5043] -> "site/cms.smzh.ch/uploads/Zugerberg_f2a7f541e2.svg" [1]
2026-06-22 07:37:26 URL:https://cms.smzh.ch/uploads/zurich_ea8efaa069.svg [9209/9209] -> "site/cms.smzh.ch/uploads/zurich_ea8efaa069.svg" [1]
https://smzh.ch/fonts/CircularXXWeb-RegularItalic.woff2:
2026-06-22 07:37:28 ERROR 500: Internal Server Error.
2026-06-22 07:37:29 URL:https://smzh.ch/de/impressum/ [106941/106941] -> "site/smzh.ch/de/impressum/index.html" [1]
https://smzh.ch/fonts/CircularXXWeb-RegularItalic.woff2:
2026-06-22 07:37:32 ERROR 500: Internal Server Error.
2026-06-22 07:37:32 URL:https://smzh.ch/de/datenschutz/ [106782/106782] -> "site/smzh.ch/de/datenschutz/index.html" [1]
https://smzh.ch/fonts/CircularXXWeb-RegularItalic.woff2:
2026-06-22 07:37:36 ERROR 500: Internal Server Error.
2026-06-22 07:37:36 URL:https://smzh.ch/de/email-korrespondenz/ [107377/107377] -> "site/smzh.ch/de/email-korrespondenz/index.html" [1]
https://smzh.ch/fonts/CircularXXWeb-RegularItalic.woff2:
2026-06-22 07:37:39 ERROR 500: Internal Server Error.
FINISHED --2026-06-22 07:37:39--
Total wall clock time: 1m 54s
Downloaded: 234 files, 13M in 7.9s (1.63 MB/s)
